This is pdfTeX, Version 3.141592653-2.6-1.40.29 (MiKTeX 26.5) (preloaded format=pdflatex 2026.8.28)  30 AUG 2026 11:01
entering extended mode
 restricted \write18 enabled.
 file:line:error style messages enabled.
 %&-line parsing enabled.
**c:/Users/della/OneDrive/Documents/aed2/template_tp1/overleaf/overleaf/main.tex
(c:/Users/della/OneDrive/Documents/aed2/template_tp1/overleaf/overleaf/main.tex
LaTeX2e <2026-06-01>
L3 programming layer <2026-07-20>
(C:\Users\della\AppData\Local\Programs\MiKTeX\tex/latex/base\article.cls
Document Class: article 2025/01/22 v1.4n Standard LaTeX document class
(C:\Users\della\AppData\Local\Programs\MiKTeX\tex/latex/base\size11.clo
File: size11.clo 2025/01/22 v1.4n Standard LaTeX file (size option)
)
\c@part=\count276
\c@section=\count277
\c@subsection=\count278
\c@subsubsection=\count279
\c@paragraph=\count280
\c@subparagraph=\count281
\c@figure=\count282
\c@table=\count283
\abovecaptionskip=\skip49
\belowcaptionskip=\skip50
\bibindent=\dimen150
) (C:\Users\della\AppData\Local\Programs\MiKTeX\tex/latex/base\inputenc.sty
Package: inputenc 2024/02/08 v1.3d Input encoding file
\inpenc@prehook=\toks17
\inpenc@posthook=\toks18
) (C:\Users\della\AppData\Local\Programs\MiKTeX\tex/latex/graphics\graphicx.sty
Package: graphicx 2026-05-17 v1.2e Enhanced LaTeX Graphics (DPC,SPQR)
 (C:\Users\della\AppData\Local\Programs\MiKTeX\tex/latex/graphics\keyval.sty
Package: keyval 2026-05-17 v1.15 key=value parser (DPC)
\KV@toks@=\toks19
) (C:\Users\della\AppData\Local\Programs\MiKTeX\tex/latex/graphics\graphics.sty
Package: graphics 2026-05-17 v1.4h Standard LaTeX Graphics (DPC,SPQR)
 (C:\Users\della\AppData\Local\Programs\MiKTeX\tex/latex/graphics\trig.sty
Package: trig 2023/12/02 v1.11 sin cos tan (DPC)
) (C:\Users\della\AppData\Local\Programs\MiKTeX\tex/latex/graphics-cfg\graphics.cfg
File: graphics.cfg 2016/06/04 v1.11 sample graphics configuration
)
Package graphics Info: Driver file: pdftex.def on input line 106.
 (C:\Users\della\AppData\Local\Programs\MiKTeX\tex/latex/graphics-def\pdftex.def
File: pdftex.def 2025/09/29 v1.2d Graphics/color driver for pdftex
))
\Gin@req@height=\dimen151
\Gin@req@width=\dimen152
) (C:\Users\della\AppData\Local\Programs\MiKTeX\tex/latex/geometry\geometry.sty
Package: geometry 2026/03/07 v6.0 Page Geometry
 (C:\Users\della\AppData\Local\Programs\MiKTeX\tex/generic/iftex\ifvtex.sty
Package: ifvtex 2019/10/25 v1.7 ifvtex legacy package. Use iftex instead.
 (C:\Users\della\AppData\Local\Programs\MiKTeX\tex/generic/iftex\iftex.sty
Package: iftex 2024/12/12 v1.0g TeX engine tests
))
\Gm@cnth=\count284
\Gm@cntv=\count285
\c@Gm@tempcnt=\count286
\Gm@bindingoffset=\dimen153
\Gm@wd@mp=\dimen154
\Gm@odd@mp=\dimen155
\Gm@even@mp=\dimen156
\Gm@layoutwidth=\dimen157
\Gm@layoutheight=\dimen158
\Gm@layouthoffset=\dimen159
\Gm@layoutvoffset=\dimen160
\Gm@dimlist=\toks20
 (C:\Users\della\AppData\Local\Programs\MiKTeX\tex/latex/geometry\geometry.cfg)) (macros/AEDLogica.sty
Package: macros/AEDLogica 2025/08/11 Macros de logica para AED
 (C:\Users\della\AppData\Local\Programs\MiKTeX\tex/latex/amsfonts\amssymb.sty
Package: amssymb 2013/01/14 v3.01 AMS font symbols
 (C:\Users\della\AppData\Local\Programs\MiKTeX\tex/latex/amsfonts\amsfonts.sty
Package: amsfonts 2013/01/14 v3.01 Basic AMSFonts support
\@emptytoks=\toks21
\symAMSa=\mathgroup4
\symAMSb=\mathgroup5
LaTeX Font Info:    Redeclaring math symbol \hbar on input line 98.
LaTeX Font Info:    Overwriting math alphabet `\mathfrak' in version `bold'
(Font)                  U/euf/m/n --> U/euf/b/n on input line 106.
)) (C:\Users\della\AppData\Local\Programs\MiKTeX\tex/latex/amsmath\amsmath.sty
Package: amsmath 2026/05/19 v2.18d AMS math features
\@mathmargin=\skip51

For additional information on amsmath, use the `?' option.
(C:\Users\della\AppData\Local\Programs\MiKTeX\tex/latex/amsmath\amstext.sty
Package: amstext 2024/11/17 v2.01 AMS text
 (C:\Users\della\AppData\Local\Programs\MiKTeX\tex/latex/amsmath\amsgen.sty
File: amsgen.sty 1999/11/30 v2.0 generic functions
\@emptytoks=\toks22
\ex@=\dimen161
)) (C:\Users\della\AppData\Local\Programs\MiKTeX\tex/latex/amsmath\amsbsy.sty
Package: amsbsy 1999/11/29 v1.2d Bold Symbols
\pmbraise@=\dimen162
) (C:\Users\della\AppData\Local\Programs\MiKTeX\tex/latex/amsmath\amsopn.sty
Package: amsopn 2022/04/08 v2.04 operator names
)
\inf@bad=\count287
LaTeX Info: Redefining \frac on input line 233.
\uproot@=\count288
\leftroot@=\count289
LaTeX Info: Redefining \overline on input line 398.
LaTeX Info: Redefining \colon on input line 409.
\classnum@=\count290
\DOTSCASE@=\count291
LaTeX Info: Redefining \ldots on input line 495.
LaTeX Info: Redefining \dots on input line 498.
LaTeX Info: Redefining \cdots on input line 619.
\Mathstrutbox@=\box53
\strutbox@=\box54
LaTeX Info: Redefining \big on input line 721.
LaTeX Info: Redefining \Big on input line 722.
LaTeX Info: Redefining \bigg on input line 723.
LaTeX Info: Redefining \Bigg on input line 724.
\big@size=\dimen163
LaTeX Font Info:    Redeclaring font encoding OML on input line 742.
LaTeX Font Info:    Redeclaring font encoding OMS on input line 743.
\macc@depth=\count292
LaTeX Info: Redefining \bmod on input line 904.
LaTeX Info: Redefining \pmod on input line 909.
LaTeX Info: Redefining \smash on input line 939.
LaTeX Info: Redefining \relbar on input line 969.
LaTeX Info: Redefining \Relbar on input line 970.
\c@MaxMatrixCols=\count293
\dotsspace@=\muskip17
\c@parentequation=\count294
\dspbrk@lvl=\count295
\tag@help=\toks23
\row@=\count296
\column@=\count297
\maxfields@=\count298
\andhelp@=\toks24
\eqnshift@=\dimen164
\alignsep@=\dimen165
\tagshift@=\dimen166
\tagwidth@=\dimen167
\totwidth@=\dimen168
\lineht@=\dimen169
\@envbody=\toks25
\multlinegap=\skip52
\multlinetaggap=\skip53
\mathdisplay@stack=\toks26
LaTeX Info: Redefining \[ on input line 2965.
LaTeX Info: Redefining \] on input line 2966.
) (C:\Users\della\AppData\Local\Programs\MiKTeX\tex/latex/changepage\changepage.sty
Package: changepage 2009/10/20 v1.0c check page and change page layout
\c@cp@cntr=\count299
\cp@tempcnt=\count300
) (macros/AEDUtil.sty
Package: macros/AEDUtil 2025/08/17 Algunas cosas utiles que no encajan en el resto de paquetes
)) (macros/AEDEspecificacion.sty
Package: macros/AEDEspecificacion 2025/08/11 Macros de especificacion para AED
 (C:\Users\della\AppData\Local\Programs\MiKTeX\tex/latex/base\ifthen.sty
Package: ifthen 2024/03/16 v1.1e Standard LaTeX ifthen package (DPC)
)) (macros/AEDTADs.sty
Package: macros/AEDTADs 2025/08/14 Macros de especificacion de TADs para AED
) (caratula.sty
Package: caratula 2013/08/04 v0.5 Para componer caratulas de TPs del DC

Cargando package 'caratula' v0.5 (2013/08/04)
\intlist=\toks27
\intlistSinLU=\toks28
\c@integrantesCount=\count301
\intTabNombre=\toks29
\intTabLU=\toks30
\intTabEmail=\toks31
\c@directoresCount=\count302
\direcTabNombre=\toks32
\direcTabEmail=\toks33
\c@coDirectoresCount=\count303
\codirecTabNombre=\toks34
\codirecTabEmail=\toks35
) (C:\Users\della\AppData\Local\Programs\MiKTeX\tex/latex/l3backend\l3backend-pdftex.def
File: l3backend-pdftex.def 2026-07-20 L3 backend support: PDF output (pdfTeX)
\l__color_backend_stack_int=\count304
) (main.aux)
\openout1 = `main.aux'.

LaTeX Font Info:    Checking defaults for OML/cmm/m/it on input line 37.
LaTeX Font Info:    ... okay on input line 37.
LaTeX Font Info:    Checking defaults for OMS/cmsy/m/n on input line 37.
LaTeX Font Info:    ... okay on input line 37.
LaTeX Font Info:    Checking defaults for OT1/cmr/m/n on input line 37.
LaTeX Font Info:    ... okay on input line 37.
LaTeX Font Info:    Checking defaults for T1/cmr/m/n on input line 37.
LaTeX Font Info:    ... okay on input line 37.
LaTeX Font Info:    Checking defaults for TS1/cmr/m/n on input line 37.
LaTeX Font Info:    ... okay on input line 37.
LaTeX Font Info:    Checking defaults for OMX/cmex/m/n on input line 37.
LaTeX Font Info:    ... okay on input line 37.
LaTeX Font Info:    Checking defaults for U/cmr/m/n on input line 37.
LaTeX Font Info:    ... okay on input line 37.
 (C:\Users\della\AppData\Local\Programs\MiKTeX\tex/context/base/mkii\supp-pdf.mkii
[Loading MPS to PDF converter (version 2006.09.02).]
\scratchcounter=\count305
\scratchdimen=\dimen170
\scratchbox=\box55
\nofMPsegments=\count306
\nofMParguments=\count307
\everyMPshowfont=\toks36
\MPscratchCnt=\count308
\MPscratchDim=\dimen171
\MPnumerator=\count309
\makeMPintoPDFobject=\count310
\everyMPtoPDFconversion=\toks37
) (C:\Users\della\AppData\Local\Programs\MiKTeX\tex/latex/epstopdf-pkg\epstopdf-base.sty
Package: epstopdf-base 2020-01-24 v2.11 Base part for package epstopdf
Package epstopdf-base Info: Redefining graphics rule for `.eps' on input line 485.
 (C:\Users\della\AppData\Local\Programs\MiKTeX\tex/latex/00miktex\epstopdf-sys.cfg
File: epstopdf-sys.cfg 2021/03/18 v2.0 Configuration of epstopdf for MiKTeX
))
*geometry* driver: auto-detecting
*geometry* detected driver: pdftex
*geometry* verbose mode - [ preamble ] result:
* driver: pdftex
* paper: a4paper
* layout: <same size as paper>
* layoutoffset:(h,v)=(0.0pt,0.0pt)
* bindingoffset: 14.22636pt
* modes: 
* h-part:(L,W,R)=(71.13188pt, 441.01775pt, 71.13188pt)
* v-part:(T,H,B)=(85.35826pt, 674.33032pt, 85.35826pt)
* \paperwidth=597.50787pt
* \paperheight=845.04684pt
* \textwidth=441.01775pt
* \textheight=674.33032pt
* \oddsidemargin=13.08826pt
* \evensidemargin=-1.1381pt
* \topmargin=-23.91173pt
* \headheight=12.0pt
* \headsep=25.0pt
* \topskip=11.0pt
* \footskip=30.0pt
* \marginparwidth=50.0pt
* \marginparsep=10.0pt
* \columnsep=10.0pt
* \skip\footins=10.0pt plus 4.0pt minus 2.0pt
* \hoffset=0.0pt
* \voffset=0.0pt
* \mag=1000
* \@twocolumnfalse
* \@twosidefalse
* \@mparswitchfalse
* \@reversemarginfalse
* (1in=72.27pt=25.4mm, 1cm=28.453pt)

<logo_dc.jpg, id=1, 215.6055pt x 83.5923pt>
File: logo_dc.jpg Graphic file (type jpg)
<use logo_dc.jpg>
Package pdftex.def Info: logo_dc.jpg  used on input line 39.
(pdftex.def)             Requested size: 215.60497pt x 83.59207pt.

Underfull \hbox (badness 10000) in paragraph at lines 39--39

 []

<logo_uba.jpg, id=2, 225.4824pt x 231.7458pt>
File: logo_uba.jpg Graphic file (type jpg)
<use logo_uba.jpg>
Package pdftex.def Info: logo_uba.jpg  used on input line 39.
(pdftex.def)             Requested size: 225.48184pt x 231.74522pt.

Underfull \hbox (badness 10000) in paragraph at lines 39--39

 []

[1

{C:/Users/della/AppData/Local/MiKTeX/fonts/map/pdftex/pdftex.map} <./logo_dc.jpg> <./logo_uba.jpg>]
LaTeX Font Info:    Trying to load font information for U+msa on input line 44.
 (C:\Users\della\AppData\Local\Programs\MiKTeX\tex/latex/amsfonts\umsa.fd
File: umsa.fd 2013/01/14 v3.01 AMS symbols A
)
LaTeX Font Info:    Trying to load font information for U+msb on input line 44.
 (C:\Users\della\AppData\Local\Programs\MiKTeX\tex/latex/amsfonts\umsb.fd
File: umsb.fd 2013/01/14 v3.01 AMS symbols B
)
LaTeX Font Info:    Trying to load font information for OMS+cmr on input line 51.
 (C:\Users\della\AppData\Local\Programs\MiKTeX\tex/latex/base\omscmr.fd
File: omscmr.fd 2024/11/19 v2.5n Standard LaTeX font definitions
)
LaTeX Font Info:    Font shape `OMS/cmr/m/n' in size <10.95> not available
(Font)              Font shape `OMS/cmsy/m/n' tried instead on input line 51.

Underfull \hbox (badness 10000) in paragraph at lines 54--58

 []


Overfull \hbox (62.17267pt too wide) in paragraph at lines 66--66
\OT1/cmtt/m/n/10.95 proc crearTAD$\OT1/cmr/m/n/10.95 ([]\OML/cmm/m/it/10.95 caracteres \OT1/cmr/m/n/10.95 : []\OMS/cmsy/m/n/10.95 h[]i\OML/cmm/m/it/10.95 ; []secuenciaDeNombres \OT1/cmr/m/n/10.95 : []\OMS/cmsy/m/n/10.95 hh\OML/cmm/m/it/10.95 nombre \OT1/cmr/m/n/10.95 : []\OMS/cmsy/m/n/10.95 h[]i\OML/cmm/m/it/10.95 ; apellido \OT1/cmr/m/n/10.95 :
 []

[1]

Package macros/AED Warning: ent Es obsoleto, use Z on input line 93.


Overfull \hbox (13.4613pt too wide) in paragraph at lines 115--115
\OT1/cmtt/m/n/10.95 proc registrarUsuarioConReferidor$\OT1/cmr/m/n/10.95 ([]\OML/cmm/m/it/10.95 usuario \OT1/cmr/m/n/10.95 : []\OML/cmm/m/it/10.95 ; []referidor \OT1/cmr/m/n/10.95 : []\OML/cmm/m/it/10.95 ; []a \OT1/cmr/m/n/10.95 :
 []


Overfull \hbox (19.92772pt too wide) in paragraph at lines 123--123
\OT1/cmtt/m/n/10.95 proc acumularMillas$\OT1/cmr/m/n/10.95 ([]\OML/cmm/m/it/10.95 usuario \OT1/cmr/m/n/10.95 : []\OML/cmm/m/it/10.95 ; []distancia \OT1/cmr/m/n/10.95 : \U/msb/m/n/10.95 Z\OML/cmm/m/it/10.95 ; []nombrePromo \OT1/cmr/m/n/10.95 : []\OML/cmm/m/it/10.95 ; []a \OT1/cmr/m/n/10.95 :
 []


Overfull \hbox (38.49835pt too wide) in paragraph at lines 124--124
[]\OT1/cmtt/m/n/10.95 requiere \OMS/cmsy/m/n/10.95 f $\OML/cmm/m/it/10.95 usuario \OMS/cmsy/m/n/10.95 2 \OML/cmm/m/it/10.95 a:usuarios \OMS/cmsy/m/n/10.95 ^ \OML/cmm/m/it/10.95 a \OT1/cmr/m/n/10.95 = \OML/cmm/m/it/10.95 A\OT1/cmr/m/n/10.95 0 \OMS/cmsy/m/n/10.95 ^ \OML/cmm/m/it/10.95 distancia \OMS/cmsy/m/n/10.95 ^^U \OT1/cmr/m/n/10.95 0 \OMS/cmsy/m/n/10.95 ^ \OML/cmm/m/it/10.95 esPromoActiva\OT1/cmr/m/n/10.95 (\OML/cmm/m/it/10.95 nombrePromo; a\OT1/cmr/m/n/10.95 )$
 []


Overfull \hbox (14.92491pt too wide) in paragraph at lines 130--132
\OT1/cmtt/m/n/10.95 pred esPromoActiva$\OT1/cmr/m/n/10.95 (\OML/cmm/m/it/10.95 nombre \OT1/cmr/m/n/10.95 : []\OML/cmm/m/it/10.95 ; a \OT1/cmr/m/n/10.95 : [])$  \OMS/cmsy/m/n/10.95 f $\OT1/cmr/m/n/10.95 ((\OMS/cmsy/m/n/10.95 9\OML/cmm/m/it/10.95 p \OT1/cmr/m/n/10.95 : []) (\OML/cmm/m/it/10.95 p \OMS/cmsy/m/n/10.95 2 \OML/cmm/m/it/10.95 a:promociones \OMS/cmsy/m/n/10.95 ^[]
 []

[2]

Package macros/AED Warning: ent Es obsoleto, use Z on input line 168.


Overfull \hbox (27.35492pt too wide) in paragraph at lines 205--206
\OT1/cmtt/m/n/10.95 aux usuarioRegistrado$\OT1/cmr/m/n/10.95 ([]\OML/cmm/m/it/10.95 id \OT1/cmr/m/n/10.95 : \U/msb/m/n/10.95 Z\OML/cmm/m/it/10.95 ; []millasTotales \OT1/cmr/m/n/10.95 : \U/msb/m/n/10.95 Z\OML/cmm/m/it/10.95 ; []millasDisponibles \OT1/cmr/m/n/10.95 : \U/msb/m/n/10.95 Z\OML/cmm/m/it/10.95 ; []historial \OT1/cmr/m/n/10.95 :
 []


Overfull \hbox (18.41411pt too wide) in paragraph at lines 214--216
\OT1/cmtt/m/n/10.95 aux historialTransacciones$\OT1/cmr/m/n/10.95 ([]\OML/cmm/m/it/10.95 u \OT1/cmr/m/n/10.95 : []\OML/cmm/m/it/10.95 ; []a \OT1/cmr/m/n/10.95 : []) : \U/msb/m/n/10.95 Z$ $\OT1/cmr/m/n/10.95 = \OML/cmm/m/it/10.95 u:historialTransacciones$
 []


Underfull \hbox (badness 10000) in paragraph at lines 214--216

 []


Overfull \hbox (50.65512pt too wide) in paragraph at lines 220--223
\OT1/cmtt/m/n/10.95 aux factorPromocion$\OT1/cmr/m/n/10.95 ([]\OML/cmm/m/it/10.95 p \OT1/cmr/m/n/10.95 : []\OML/cmm/m/it/10.95 ; []a \OT1/cmr/m/n/10.95 : []) : \U/msb/m/n/10.95 Z$ $\OT1/cmr/m/n/10.95 = \OML/cmm/m/it/10.95 p:factor$  \OT1/cmtt/m/n/10.95 aux estadoPromocion$\OT1/cmr/m/n/10.95 ([]\OML/cmm/m/it/10.95 p \OT1/cmr/m/n/10.95 :
 []


Overfull \hbox (0.45934pt too wide) in paragraph at lines 227--228
\OT1/cmtt/m/n/10.95 pred existeUsuarioEnSistema$\OT1/cmr/m/n/10.95 (\OML/cmm/m/it/10.95 id \OT1/cmr/m/n/10.95 : \U/msb/m/n/10.95 Z\OML/cmm/m/it/10.95 ; a \OT1/cmr/m/n/10.95 : [])$  \OMS/cmsy/m/n/10.95 f $\OT1/cmr/m/n/10.95 (\OMS/cmsy/m/n/10.95 9\OML/cmm/m/it/10.95 u[] \OT1/cmr/m/n/10.95 : []) (\OML/cmm/m/it/10.95 u[] \OMS/cmsy/m/n/10.95 2 \OML/cmm/m/it/10.95 a:usuarios \OMS/cmsy/m/n/10.95 ^[]
 []

[3] (main.aux)
 ***********
LaTeX2e <2026-06-01>
L3 programming layer <2026-07-20>
 ***********
 ) 
Here is how much of TeX's memory you used:
 3549 strings out of 467501
 54295 string characters out of 5408550
 475144 words of memory out of 5000000
 32751 multiletter control sequences out of 15000+600000
 635561 words of font info for 69 fonts, out of 8000000 for 9000
 1141 hyphenation exceptions out of 8191
 71i,8n,79p,369b,301s stack positions out of 10000i,1000n,20000p,200000b,200000s
<C:/Users/della/AppData/Local/Programs/MiKTeX/fonts/type1/public/amsfonts/cm/cmbx10.pfb><C:/Users/della/AppData/Local/Programs/MiKTeX/fonts/type1/public/amsfonts/cm/cmbx12.pfb><C:/Users/della/AppData/Local/Programs/MiKTeX/fonts/type1/public/amsfonts/cm/cmmi10.pfb><C:/Users/della/AppData/Local/Programs/MiKTeX/fonts/type1/public/amsfonts/cm/cmmi8.pfb><C:/Users/della/AppData/Local/Programs/MiKTeX/fonts/type1/public/amsfonts/cm/cmr10.pfb><C:/Users/della/AppData/Local/Programs/MiKTeX/fonts/type1/public/amsfonts/cm/cmr12.pfb><C:/Users/della/AppData/Local/Programs/MiKTeX/fonts/type1/public/amsfonts/cm/cmr8.pfb><C:/Users/della/AppData/Local/Programs/MiKTeX/fonts/type1/public/amsfonts/cm/cmss10.pfb><C:/Users/della/AppData/Local/Programs/MiKTeX/fonts/type1/public/amsfonts/cm/cmssbx10.pfb><C:/Users/della/AppData/Local/Programs/MiKTeX/fonts/type1/public/amsfonts/cm/cmsy10.pfb><C:/Users/della/AppData/Local/Programs/MiKTeX/fonts/type1/public/amsfonts/cm/cmsy8.pfb><C:/Users/della/AppData/Local/Programs/MiKTeX/fonts/type1/public/amsfonts/cm/cmtt10.pfb><C:/Users/della/AppData/Local/Programs/MiKTeX/fonts/type1/public/amsfonts/symbols/msbm10.pfb>
Output written on main.pdf (4 pages, 530384 bytes).
PDF statistics:
 82 PDF objects out of 1000 (max. 8388607)
 0 named destinations out of 1000 (max. 500000)
 11 words of extra memory for PDF output out of 10000 (max. 10000000)

